--------------------------------------------------------------------------------------------------------------------
      name:  log_DM_pintdat
       log:  N:\Ablagen\D01700-Projekte\4534-Stigma_Consciousness\log\01_pintdat.log
  log type:  text
 opened on:  22 Sep 2026, 10:02:43
r; t=0.00 10:02:43

. 
. use "$orig_bef\PENDDAT.dta", clear
(PASS V1, 2006-2022, 16 Nov 2023, PENDDAT)
r; t=7.33 10:02:51

. *************
. 
. ***Interviewdatum Welle 7 pro Person
. tab1            pintjahr pintmon, nol

-> tabulation of pintjahr  

Interviewda |
        tum |
Personenint |
   erview - |
      Jahr, |
  generiert |      Freq.     Percent        Cum.
------------+-----------------------------------
       2006 |        884        0.42        0.42
       2007 |     18,145        8.60        9.02
       2008 |     12,901        6.12       15.14
       2009 |     12,950        6.14       21.28
       2010 |     11,768        5.58       26.86
       2011 |     15,607        7.40       34.26
       2012 |     14,619        6.93       41.20
       2013 |     14,425        6.84       48.04
       2014 |     13,417        6.36       54.40
       2015 |     13,205        6.26       60.66
       2016 |     12,591        5.97       66.63
       2017 |     13,594        6.45       73.08
       2018 |     13,133        6.23       79.30
       2019 |     11,900        5.64       84.95
       2020 |     10,210        4.84       89.79
       2021 |     11,268        5.34       95.13
       2022 |     10,266        4.87      100.00
------------+-----------------------------------
      Total |    210,883      100.00

-> tabulation of pintmon  

Interviewda |
        tum |
Personenint |
   erview - |
     Monat, |
  generiert |      Freq.     Percent        Cum.
------------+-----------------------------------
          1 |      4,634        2.20        2.20
          2 |     27,370       12.98       15.18
          3 |     69,935       33.16       48.34
          4 |     37,333       17.70       66.04
          5 |     28,120       13.33       79.38
          6 |     19,814        9.40       88.77
          7 |     10,555        5.01       93.78
          8 |      7,598        3.60       97.38
          9 |      3,820        1.81       99.19
         10 |        256        0.12       99.31
         12 |      1,448        0.69      100.00
------------+-----------------------------------
      Total |    210,883      100.00
r; t=0.08 10:02:51

. gen             pintdat_n=ym(pintjahr, pintmon)
r; t=0.01 10:02:51

. format          %tm pintdat_n
r; t=0.01 10:02:51

. 
. keep            if welle==7
(196,458 observations deleted)
r; t=0.03 10:02:51

. display "Number of observations: "_N
Number of observations: 14425
r; t=0.00 10:02:51

. keep            pnr hnr pintdat_n pintjahr pintmon
r; t=0.00 10:02:51

. 
. save            "$data\pintdat_w7.dta", replace
file N:\Ablagen\D01700-Projekte\4534-Stigma_Consciousness\Daten\pintdat_w7.dta saved
r; t=0.05 10:02:51

. 
. log close       log_DM_pintdat
      name:  log_DM_pintdat
       log:  N:\Ablagen\D01700-Projekte\4534-Stigma_Consciousness\log\01_pintdat.log
  log type:  text
 closed on:  22 Sep 2026, 10:02:51
--------------------------------------------------------------------------------------------------------------------
