--------------------------------------------------------------------------------------------------------------------
      name:  log_DM_nh
       log:  N:\Ablagen\D01700-Projekte\4534-Stigma_Consciousness\log\02_nh.log
  log type:  text
 opened on:  22 Sep 2026, 10:02:51
r; t=0.01 10:02:51

. *************
. set             more off
r; t=0.00 10:02:51

. *use            "$data\Kreiskennziffer_Arbeitsmarktregionen.dta", clear
. 
. ***PASS-ADIAB 7518 (v1)
. use "${data}\pass_gridab_w7.dta", clear
r; t=0.01 10:02:51

. tab year

       Year |      Freq.     Percent        Cum.
------------+-----------------------------------
       2013 |      8,728      100.00      100.00
------------+-----------------------------------
      Total |      8,728      100.00
r; t=0.00 10:02:51

. 
. //merge GridAB
. sort geo_grid_cell year 
r; t=0.01 10:02:51

. 
. replace year = 2012
(14,425 real changes made)
r; t=0.00 10:02:51

. merge m:1 geo_grid_cell year  using "$orig\GridAB_home_cens.dta"
(variable geo_grid_cell was long, now double to accommodate using data's values)

    Result                      Number of obs
    -----------------------------------------
    Not matched                     3,722,316
        from master                     5,698  (_merge==1)
        from using                  3,716,618  (_merge==2)

    Matched                             8,727  (_merge==3)
    -----------------------------------------
r; t=53.02 10:03:44

. tab _merge

   Matching result from |
                  merge |      Freq.     Percent        Cum.
------------------------+-----------------------------------
        Master only (1) |      5,698        0.15        0.15
         Using only (2) |  3,716,618       99.61       99.77
            Matched (3) |      8,727        0.23      100.00
------------------------+-----------------------------------
                  Total |  3,731,043      100.00
r; t=0.13 10:03:44

. drop if _merge==2
(3,716,618 observations deleted)
r; t=0.11 10:03:44

. count if _merge==1 
  5,698
r; t=0.01 10:03:44

. display "How many PASS resp. are not merged: " (r(N)/_N)*100 "%"
How many PASS resp. are not merged: 39.500867%
r; t=0.00 10:03:44

. 
. //merge est_close information 
. sort geo_grid_cell
r; t=0.00 10:03:44

. merge m:1 geo_grid_cell year  using "$orig\GridAB_work_all_cens5.dta", keepusing(n_est_close_5yrs) gen(_mergeEST)
(label lbl_muni already defined)
(label lbl_county_en already defined)
(label lbl_state_en already defined)

    Result                      Number of obs
    -----------------------------------------
    Not matched                     2,693,642
        from master                     5,861  (_mergeEST==1)
        from using                  2,687,781  (_mergeEST==2)

    Matched                             8,564  (_mergeEST==3)
    -----------------------------------------
r; t=31.05 10:04:15

. drop if _merge==2
(0 observations deleted)
r; t=0.08 10:04:15

. drop _mergeEST
r; t=0.00 10:04:16

. 
. replace n_est_close_5yrs = 0 if n_est_close_5yrs==. //those with missing have no companies in the neighborhood
(675,113 real changes made)
r; t=0.14 10:04:16

. 
. *merge wider NH
. merge m:1 geo_grid_cell year using "$widenh\GridAB_widernh.dta", gen(_merge_wnh)
(variable year was int, now float to accommodate using data's values)

    Result                      Number of obs
    -----------------------------------------
    Not matched                     1,519,864
        from master                   249,416  (_merge_wnh==1)
        from using                  1,270,448  (_merge_wnh==2)

    Matched                         2,452,790  (_merge_wnh==3)
    -----------------------------------------
r; t=71.58 10:05:27

. drop if _merge_wnh==2
(1,270,448 observations deleted)
r; t=0.13 10:05:27

. drop _merge_wnh
r; t=0.01 10:05:27

. 
. //cities with high and low income inequality
. //Gini auf Gitterzellen-basis berechnen
. * sort
. sort year county  daily_wage_med
r; t=1.39 10:05:29

. 
. * compute auxiliary income and totals
. by year county : gen g_wage = _n * daily_wage_med
(2,693,530 missing values generated)
r; t=0.04 10:05:29

. by year county : egen total_g_wage = total(g_wage)
r; t=0.76 10:05:30

. by year county : egen total_wage = total(daily_wage_med)
r; t=0.80 10:05:30

. 
. by year county : gen N = _N
r; t=0.07 10:05:30

. 
. * compute Gini coefficient = ([2* Summe(i*x(i))] / [_N * Summe(x(i))] ) - [(_N+1)/_N]
. cap drop gini_daily_wage_med
r; t=0.00 10:05:30

. by year county : gen gini_daily_wage_med = (2 * total_g_wage) / (N * total_wage) - ((N + 1) / N)
(2,693,479 missing values generated)
r; t=0.13 10:05:31

. 
. * set infinitesimal small negative values to zero (they should be zero but for computational reasons they are not)
. replace gini_daily_wage_med = 0 if gini_daily_wage_med > -0.7 & gini_daily_wage_med < 0
(367 real changes made)
r; t=0.03 10:05:31

. 
. * remove auxiliary variable 
. drop g_wage total_g_wage total_wage
r; t=0.05 10:05:31

. 
. *check
. sum gini_daily_wage_med if year==2012

    Variable |        Obs        Mean    Std. dev.       Min        Max
-------------+---------------------------------------------------------
gini_daily~d |      8,727    .0617308    .0309516          0    .190046
r; t=0.07 10:05:31

. 
. *Gini-Koeffizient umbenennen
.         lab var gini_daily_wage_med "Städtischer Gini-Koeffizient, Medianlöhne"
r; t=0.00 10:05:31

. 
. rename _merge _merge_nh
r; t=0.05 10:05:31

. keep if _merge_nh ==3
(2,693,479 observations deleted)
r; t=0.11 10:05:31

. replace year = 2013
(8,727 real changes made)
r; t=0.01 10:05:31

. 
. *restrict variables
. keep pnr year geo_grid_cell ///
>         county lab_area n n_emp n_regemp n_not_emp n_not_emp_1yr ///
>         n_ub1* n_ub2*  yearly_inc* daily_inc* daily_wage*  gini* daily_wage_med n_est_close_5yrs ///
>         n_tenure* n_marginal n_parttime n_fulltime tenure_mean n_helpers n_foreign n_educ_low n_educ_high ///NH va
> riables for imputation
>         wnh_n_not_emp wnh_n_not_emp_1yr wnh_n_ub* wnh_tenure_mean wnh_n_helpers wnh_n_foreign wnh_n_educ_low wnh_n
> _educ_high //WNH variables (imputation and robustness check)
r; t=0.00 10:05:31

.         
. rename county kr_id_n
r; t=0.00 10:05:31

. rename lab_area amr
r; t=0.00 10:05:31

. 
. ***Variablen labeln
. la var          kr_id_n "Kreiskennziffer"
r; t=0.00 10:05:31

. la var          amr "Arbeitsmarktregion (2014)"
r; t=0.00 10:05:31

. 
. ***calculate share of unemployed and fulltime working people: check
. gen             sh_fulltime = n_fulltime / n_emp 
(51 missing values generated)
r; t=0.00 10:05:31

. gen             sh_ft_onall = n_fulltime / n 
(51 missing values generated)
r; t=0.00 10:05:31

. 
. gen             unemp_quo = n_not_emp /n
(51 missing values generated)
r; t=0.00 10:05:31

. la var          unemp_quo "Unemployment quota in grid"
r; t=0.00 10:05:31

. sum             unemp_quo, d

                 Unemployment quota in grid
-------------------------------------------------------------
      Percentiles      Smallest
 1%            0              0
 5%     .0277778              0
10%     .0382671              0       Obs               8,676
25%     .0628931              0       Sum of wgt.       8,676

50%     .1047297                      Mean           .1237477
                        Largest       Std. dev.      .0785204
75%     .1730825        .630491
90%     .2348306        .630491       Variance       .0061655
95%     .2693167        .630491       Skewness       .9649966
99%     .3422965        .630491       Kurtosis       4.218457
r; t=0.00 10:05:31

. hist    unemp_quo
(bin=39, start=0, width=.01616643)
r; t=1.61 10:05:33

. 
. *centering
. gen             unemp_quo_c=unemp_quo-r(mean)
(8,727 missing values generated)
r; t=0.00 10:05:33

. 
. ***save  current dataset
. save            "$data\regio_nh.dta", replace
file N:\Ablagen\D01700-Projekte\4534-Stigma_Consciousness\Daten\regio_nh.dta saved
r; t=0.12 10:05:33

. 
. ********************************************************************************
. //unemployment on labor market area level 
. ********************************************************************************
. use "$data\LK_ALQ_2013.dta", clear 
r; t=0.01 10:05:33

. 
. gen krs15 = kreisnr *1000
r; t=0.00 10:05:33

. 
. //Göttingen
. replace krs15 =3152000 if krs15==3159000
(1 real change made)
r; t=0.00 10:05:33

. 
. //merge
. merge m:1  krs15 using ${orig}\Kreiskennziffer_Arbeitsmarktregionen.dta
(variable krs15 was float, now double to accommodate using data's values)

    Result                      Number of obs
    -----------------------------------------
    Not matched                             1
        from master                         0  (_merge==1)
        from using                          1  (_merge==2)

    Matched                               401  (_merge==3)
    -----------------------------------------
r; t=0.17 10:05:33

. drop if _merge==2
(1 observation deleted)
r; t=0.00 10:05:33

. 
. *local labor market areas
. keep alq kreisnr amr 
r; t=0.00 10:05:33

. bys amr: egen alq_amr = mean(alq)
r; t=0.00 10:05:33

. sum alq_amr, d

                           alq_amr
-------------------------------------------------------------
      Percentiles      Smallest
 1%     2.206772       2.020892
 5%     2.892084       2.130692
10%     3.262123       2.206772       Obs                 401
25%     4.130838       2.206772       Sum of wgt.         401

50%     5.702056                      Mean           6.263148
                        Largest       Std. dev.      2.710969
75%     8.124734       14.08524
90%      10.3837        14.3148       Variance       7.349351
95%      11.2087       14.33475       Skewness       .7343069
99%     13.91084       15.32403       Kurtosis       2.864693
r; t=0.00 10:05:33

. 
. *states
. gen bula = int(kreisnr /1000)
r; t=0.00 10:05:33

. bys bula: egen alq_bula = mean(alq)
r; t=0.00 10:05:33

. sum alq_bula, d

                          alq_bula
-------------------------------------------------------------
      Percentiles      Smallest
 1%     3.654398       3.654398
 5%     3.654398       3.654398
10%     3.654398       3.654398       Obs                 401
25%      3.94466       3.654398       Sum of wgt.         401

50%     5.570543                      Mean           6.263148
                        Largest       Std. dev.      2.318052
75%     8.025271       11.64143
90%     10.18577       11.64143       Variance       5.373366
95%     10.74301       11.99748       Skewness       .5034684
99%     11.64143       11.99748       Kurtosis        2.30719
r; t=0.00 10:05:33

. 
. 
. save "$data\LK_AMR_ALQ_2013.dta", replace 
file N:\Ablagen\D01700-Projekte\4534-Stigma_Consciousness\Daten\LK_AMR_ALQ_2013.dta saved
r; t=0.03 10:05:33

. 
. 
. 
. 
. 
. log close       log_DM_nh
      name:  log_DM_nh
       log:  N:\Ablagen\D01700-Projekte\4534-Stigma_Consciousness\log\02_nh.log
  log type:  text
 closed on:  22 Sep 2026, 10:05:33
--------------------------------------------------------------------------------------------------------------------
