-------------------------------------------------------------------------------------------------------------------------
      name:  log_spells
       log:  N:\Ablagen\D01700-Projekte\4534-Stigma_Consciousness\log\04_spells.log
  log type:  text
 opened on:  22 Sep 2026, 10:42:59
r; t=0.10 10:42:59

. 
. use "$orig_bef\bio_spells.dta", clear
(PASS V1, 2006-2022, 16 Nov 2023, bio spells)
r; t=2.62 10:43:02

. *************
. 
. ***merge interview date for w7
. merge           m:1 pnr using "$data\pintdat_w7.dta"
(label metric already defined)
(label metric_en already defined)

    Result                      Number of obs
    -----------------------------------------
    Not matched                        74,659
        from master                    73,239  (_merge==1)
        from using                      1,420  (_merge==2)

    Matched                            55,123  (_merge==3)
    -----------------------------------------
r; t=0.08 10:43:02

. 
. ***Missing values
. tab1            bjahr ejahr bmonat emonat

-> tabulation of bjahr  

        Alle Aktivitaeten: Anfangsjahr, |
                              generiert |      Freq.     Percent        Cum.
----------------------------------------+-----------------------------------
                      Unplausibler Wert |         51        0.04        0.04
Spellbeginn auf Grund der Befragungslog |      4,601        3.58        3.62
               Trifft nicht zu (Filter) |        169        0.13        3.76
                           Keine Angabe |        698        0.54        4.30
                            Weiss nicht |      1,007        0.78        5.08
                                   1949 |          1        0.00        5.08
                                   1953 |          1        0.00        5.09
                                   1958 |          1        0.00        5.09
                                   1959 |          1        0.00        5.09
                                   1960 |          4        0.00        5.09
                                   1961 |          2        0.00        5.09
                                   1962 |          1        0.00        5.09
                                   1963 |          5        0.00        5.10
                                   1964 |         11        0.01        5.11
                                   1965 |         12        0.01        5.11
                                   1966 |         14        0.01        5.13
                                   1967 |         18        0.01        5.14
                                   1968 |         28        0.02        5.16
                                   1969 |         28        0.02        5.18
                                   1970 |         39        0.03        5.21
                                   1971 |         47        0.04        5.25
                                   1972 |         58        0.05        5.30
                                   1973 |         65        0.05        5.35
                                   1974 |         72        0.06        5.40
                                   1975 |         64        0.05        5.45
                                   1976 |         88        0.07        5.52
                                   1977 |         85        0.07        5.59
                                   1978 |         88        0.07        5.66
                                   1979 |         89        0.07        5.72
                                   1980 |        122        0.10        5.82
                                   1981 |        106        0.08        5.90
                                   1982 |        126        0.10        6.00
                                   1983 |        131        0.10        6.10
                                   1984 |        135        0.11        6.21
                                   1985 |        143        0.11        6.32
                                   1986 |        168        0.13        6.45
                                   1987 |        159        0.12        6.57
                                   1988 |        166        0.13        6.70
                                   1989 |        227        0.18        6.88
                                   1990 |        381        0.30        7.18
                                   1991 |        322        0.25        7.43
                                   1992 |        363        0.28        7.71
                                   1993 |        348        0.27        7.98
                                   1994 |        379        0.30        8.28
                                   1995 |        427        0.33        8.61
                                   1996 |        460        0.36        8.97
                                   1997 |        478        0.37        9.34
                                   1998 |        584        0.45        9.79
                                   1999 |        624        0.49       10.28
                                   2000 |        939        0.73       11.01
                                   2001 |      1,004        0.78       11.79
                                   2002 |      1,086        0.85       12.64
                                   2003 |      1,496        1.17       13.81
                                   2004 |      2,178        1.70       15.50
                                   2005 |      5,504        4.29       19.79
                                   2006 |      4,831        3.76       23.55
                                   2007 |      4,784        3.73       27.28
                                   2008 |      6,818        5.31       32.59
                                   2009 |      7,679        5.98       38.58
                                   2010 |      7,095        5.53       44.10
                                   2011 |      7,628        5.94       50.05
                                   2012 |      7,236        5.64       55.68
                                   2013 |      6,950        5.41       61.10
                                   2014 |      7,111        5.54       66.64
                                   2015 |      7,706        6.00       72.64
                                   2016 |      7,411        5.77       78.41
                                   2017 |      6,579        5.13       83.54
                                   2018 |      6,326        4.93       88.47
                                   2019 |      5,498        4.28       92.75
                                   2020 |      5,046        3.93       96.68
                                   2021 |      3,506        2.73       99.41
                                   2022 |        754        0.59      100.00
----------------------------------------+-----------------------------------
                                  Total |    128,362      100.00

-> tabulation of ejahr  

     Alle Aktivitaeten: Endjahr, |
                       generiert |      Freq.     Percent        Cum.
---------------------------------+-----------------------------------
               Unplausibler Wert |         53        0.04        0.04
Frage irrtuemlich nicht gestellt |         25        0.02        0.06
        Trifft nicht zu (Filter) |        169        0.13        0.19
                    Keine Angabe |        559        0.44        0.63
                     Weiss nicht |        580        0.45        1.08
                            2000 |          1        0.00        1.08
                            2004 |          1        0.00        1.08
                            2005 |      1,720        1.34        2.42
                            2006 |      2,994        2.33        4.75
                            2007 |      3,656        2.85        7.60
                            2008 |      6,973        5.43       13.03
                            2009 |      8,074        6.29       19.32
                            2010 |      7,310        5.69       25.02
                            2011 |      8,859        6.90       31.92
                            2012 |      8,203        6.39       38.31
                            2013 |      8,001        6.23       44.54
                            2014 |      7,774        6.06       50.60
                            2015 |      7,790        6.07       56.67
                            2016 |      8,072        6.29       62.96
                            2017 |      8,145        6.35       69.30
                            2018 |      8,130        6.33       75.64
                            2019 |      7,597        5.92       81.56
                            2020 |      6,295        4.90       86.46
                            2021 |      6,423        5.00       91.46
                            2022 |     10,958        8.54      100.00
---------------------------------+-----------------------------------
                           Total |    128,362      100.00

-> tabulation of bmonat  

       Alle Aktivitaeten: Anfangsmonat, |
                              generiert |      Freq.     Percent        Cum.
----------------------------------------+-----------------------------------
                      Unplausibler Wert |         51        0.04        0.04
Spellbeginn auf Grund der Befragungslog |      4,601        3.58        3.62
               Trifft nicht zu (Filter) |        169        0.13        3.76
                           Keine Angabe |        924        0.72        4.48
                            Weiss nicht |      2,186        1.70        6.18
                                 Januar |     20,795       16.20       22.38
                                Februar |      7,867        6.13       28.51
                                  Maerz |     11,038        8.60       37.11
                                  April |     11,137        8.68       45.78
                                    Mai |      8,181        6.37       52.16
                                   Juni |      7,782        6.06       58.22
                                   Juli |     10,331        8.05       66.27
                                 August |     10,459        8.15       74.42
                              September |     10,599        8.26       82.67
                                Oktober |     10,404        8.11       90.78
                               November |      6,316        4.92       95.70
                               Dezember |      5,522        4.30      100.00
----------------------------------------+-----------------------------------
                                  Total |    128,362      100.00

-> tabulation of emonat  

    Alle Aktivitaeten: Endmonat, |
                       generiert |      Freq.     Percent        Cum.
---------------------------------+-----------------------------------
               Unplausibler Wert |         53        0.04        0.04
Frage irrtuemlich nicht gestellt |         25        0.02        0.06
        Trifft nicht zu (Filter) |        169        0.13        0.19
                    Keine Angabe |        606        0.47        0.66
                     Weiss nicht |        827        0.64        1.31
                          Januar |      5,580        4.35        5.66
                         Februar |     10,482        8.17       13.82
                           Maerz |     23,910       18.63       32.45
                           April |     14,867       11.58       44.03
                             Mai |     12,651        9.86       53.89
                            Juni |     12,144        9.46       63.35
                            Juli |     11,303        8.81       72.15
                          August |     10,059        7.84       79.99
                       September |      8,112        6.32       86.31
                         Oktober |      6,003        4.68       90.99
                        November |      4,464        3.48       94.46
                        Dezember |      7,107        5.54      100.00
---------------------------------+-----------------------------------
                           Total |    128,362      100.00
r; t=0.14 10:43:02

. tab             bjahr, nol

       Alle |
Aktivitaete |
         n: |
Anfangsjahr |
, generiert |      Freq.     Percent        Cum.
------------+-----------------------------------
         -8 |         51        0.04        0.04
         -5 |      4,601        3.58        3.62
         -3 |        169        0.13        3.76
         -2 |        698        0.54        4.30
         -1 |      1,007        0.78        5.08
       1949 |          1        0.00        5.08
       1953 |          1        0.00        5.09
       1958 |          1        0.00        5.09
       1959 |          1        0.00        5.09
       1960 |          4        0.00        5.09
       1961 |          2        0.00        5.09
       1962 |          1        0.00        5.09
       1963 |          5        0.00        5.10
       1964 |         11        0.01        5.11
       1965 |         12        0.01        5.11
       1966 |         14        0.01        5.13
       1967 |         18        0.01        5.14
       1968 |         28        0.02        5.16
       1969 |         28        0.02        5.18
       1970 |         39        0.03        5.21
       1971 |         47        0.04        5.25
       1972 |         58        0.05        5.30
       1973 |         65        0.05        5.35
       1974 |         72        0.06        5.40
       1975 |         64        0.05        5.45
       1976 |         88        0.07        5.52
       1977 |         85        0.07        5.59
       1978 |         88        0.07        5.66
       1979 |         89        0.07        5.72
       1980 |        122        0.10        5.82
       1981 |        106        0.08        5.90
       1982 |        126        0.10        6.00
       1983 |        131        0.10        6.10
       1984 |        135        0.11        6.21
       1985 |        143        0.11        6.32
       1986 |        168        0.13        6.45
       1987 |        159        0.12        6.57
       1988 |        166        0.13        6.70
       1989 |        227        0.18        6.88
       1990 |        381        0.30        7.18
       1991 |        322        0.25        7.43
       1992 |        363        0.28        7.71
       1993 |        348        0.27        7.98
       1994 |        379        0.30        8.28
       1995 |        427        0.33        8.61
       1996 |        460        0.36        8.97
       1997 |        478        0.37        9.34
       1998 |        584        0.45        9.79
       1999 |        624        0.49       10.28
       2000 |        939        0.73       11.01
       2001 |      1,004        0.78       11.79
       2002 |      1,086        0.85       12.64
       2003 |      1,496        1.17       13.81
       2004 |      2,178        1.70       15.50
       2005 |      5,504        4.29       19.79
       2006 |      4,831        3.76       23.55
       2007 |      4,784        3.73       27.28
       2008 |      6,818        5.31       32.59
       2009 |      7,679        5.98       38.58
       2010 |      7,095        5.53       44.10
       2011 |      7,628        5.94       50.05
       2012 |      7,236        5.64       55.68
       2013 |      6,950        5.41       61.10
       2014 |      7,111        5.54       66.64
       2015 |      7,706        6.00       72.64
       2016 |      7,411        5.77       78.41
       2017 |      6,579        5.13       83.54
       2018 |      6,326        4.93       88.47
       2019 |      5,498        4.28       92.75
       2020 |      5,046        3.93       96.68
       2021 |      3,506        2.73       99.41
       2022 |        754        0.59      100.00
------------+-----------------------------------
      Total |    128,362      100.00
r; t=0.03 10:43:02

. foreach         var of varlist bmonat bjahr emonat ejahr {
  2.         recode  `var' -8/-1=.
  3. }
(7,931 changes made to bmonat)
(6,526 changes made to bjahr)
(1,680 changes made to emonat)
(1,386 changes made to ejahr)
r; t=0.14 10:43:02

. 
. ***Last interview Wave 7: Sept 2013
. ***All spells censored at month of interview or Sept 2013
. gen             start=ym(bjahr, bmonat)
(9,433 missing values generated)
r; t=0.00 10:43:02

. gen                     stop=ym(ejahr, emonat)
(3,152 missing values generated)
r; t=0.00 10:43:02

. format          %tm start stop
r; t=0.00 10:43:02

. drop            if start>pintdat_n & start!=.
(16,436 observations deleted)
r; t=0.02 10:43:02

. drop            if start<=pintdat_n & start>ym(2013, 9)  & start!=.
(35,946 observations deleted)
r; t=0.02 10:43:02

. replace         stop=pintdat_n if stop>pintdat_n & stop!=.
(12,377 real changes made)
r; t=0.00 10:43:02

. replace         stop=ym(2013, 9) if (stop>ym(2013, 9) & stop!=.) ///
>                         | (ejahr>2013 & ejahr!=.)
(19,738 real changes made)
r; t=0.01 10:43:02

. 
. ***Sorting
. sort            pnr spellnr
r; t=0.02 10:43:02

. drop            if spelltyp != 2
(57,097 observations deleted)
r; t=0.01 10:43:02

. 
. ***********************************
. drop            if start==. | stop==.
(1,345 observations deleted)
r; t=0.00 10:43:02

. ***********************************
. 
. drop            if stop < start
(0 observations deleted)
r; t=0.00 10:43:02

. 
. ***duration of spells
. gen                     spell_d=stop-start+1 //without +1 duration=0 if same month
r; t=0.00 10:43:02

. label var       spell_d "duration of spell"
r; t=0.00 10:43:02

. 
. tab                     spell_d BIO0600

  duration |           Alle Aktivitaeten: dauert noch an
  of spell | Frage irr  Trifft ni  Keine Ang         Ja       Nein |     Total
-----------+-------------------------------------------------------+----------
         1 |         0        513          0         23         59 |       595 
         2 |         0        829          0         27        104 |       960 
         3 |         0        889          0         29         95 |     1,013 
         4 |         0        785          0         15        113 |       913 
         5 |         0        627          0         28         96 |       751 
         6 |         0        600          0         30         94 |       724 
         7 |         0        508          0         30        110 |       648 
         8 |         0        390          0         42         96 |       528 
         9 |         0        455          0         50        128 |       633 
        10 |         0        313          0         34         81 |       428 
        11 |         0        255          0         34         75 |       364 
        12 |         0        290          0         34         86 |       410 
        13 |         0        375          0         43         87 |       505 
        14 |         0        218          0         30         93 |       341 
        15 |         0        214          0         32         66 |       312 
        16 |         0        163          0         31         75 |       269 
        17 |         0        185          0         33         69 |       287 
        18 |         1        167          0         41         74 |       283 
        19 |         1        156          0         45         56 |       258 
        20 |         0        155          0         32         66 |       253 
        21 |         0        177          1         51         84 |       313 
        22 |         0        114          0         30         48 |       192 
        23 |         0        100          0         30         51 |       181 
        24 |         0        134          0         37         51 |       222 
        25 |         0        110          0         51         54 |       215 
        26 |         0        117          0         31         62 |       210 
        27 |         0        113          0         51         44 |       208 
        28 |         0         91          0         29         36 |       156 
        29 |         0         82          0         34         45 |       161 
        30 |         0        105          0         35         52 |       192 
        31 |         0         79          0         38         35 |       152 
        32 |         0         92          0         41         50 |       183 
        33 |         0         90          0         62         59 |       211 
        34 |         0         70          0         27         32 |       129 
        35 |         0         66          0         29         28 |       123 
        36 |         0         90          0         23         37 |       150 
        37 |         0         66          0         33         27 |       126 
        38 |         0         94          0         43         28 |       165 
        39 |         0        105          0         43         42 |       190 
        40 |         2        141          0         44         28 |       215 
        41 |         0         89          0         42         20 |       151 
        42 |         0        110          0         30         27 |       167 
        43 |         0         51          0         22         32 |       105 
        44 |         0         48          0         19         17 |        84 
        45 |         0         52          1         41         30 |       124 
        46 |         0         47          0         10         19 |        76 
        47 |         0         39          0         15         24 |        78 
        48 |         0         36          0         20         29 |        85 
        49 |         0         53          0         20         30 |       103 
        50 |         0         41          0         27         22 |        90 
        51 |         0        111          0         47         18 |       176 
        52 |         0         65          0         34         19 |       118 
        53 |         0         56          0         31         17 |       104 
        54 |         0         45          0         26         24 |        95 
        55 |         0         33          0         20         19 |        72 
        56 |         0         33          0         16         15 |        64 
        57 |         0         25          0         57         54 |       136 
        58 |         0         22          0         18         17 |        57 
        59 |         0         20          0         11          6 |        37 
        60 |         0         24          0         24         17 |        65 
        61 |         0         18          0         20         18 |        56 
        62 |         0         28          0         21         15 |        64 
        63 |         0         23          0         38         11 |        72 
        64 |         0         20          0         44         12 |        76 
        65 |         0         17          0         19         21 |        57 
        66 |         0          9          0         35         22 |        66 
        67 |         0         13          0         20         17 |        50 
        68 |         0         12          0         23         10 |        45 
        69 |         0         12          0         27         15 |        54 
        70 |         0         16          0         10         18 |        44 
        71 |         0          2          0          9          9 |        20 
        72 |         0         10          0         13         13 |        36 
        73 |         0         17          0          9          7 |        33 
        74 |         0         13          0         12         16 |        41 
        75 |         0         13          0         23         20 |        56 
        76 |         0          9          0         23         15 |        47 
        77 |         0         15          0         21         14 |        50 
        78 |         0         16          0         18         15 |        49 
        79 |         0         15          0         13          6 |        34 
        80 |         0         15          0          8         14 |        37 
        81 |         0         10          0         15         14 |        39 
        82 |         1         11          0          8         12 |        32 
        83 |         0         10          0          5          9 |        24 
        84 |         0         13          0         13          9 |        35 
        85 |         0         11          0          6         10 |        27 
        86 |         0          8          0         16          6 |        30 
        87 |         0          8          0         40         10 |        58 
        88 |         0          8          0         17          8 |        33 
        89 |         0         11          0          7          6 |        24 
        90 |         0          8          0          7         11 |        26 
        91 |         0          7          0          8          4 |        19 
        92 |         0          2          0         12          7 |        21 
        93 |         0          9          0         40         30 |        79 
        94 |         0          1          0         11          8 |        20 
        95 |         0          6          0          7          7 |        20 
        96 |         0          7          0         13          8 |        28 
        97 |         0          5          0          3          9 |        17 
        98 |         0          8          0         15         11 |        34 
        99 |         0          6          0         27         12 |        45 
       100 |         0          9          0         19         11 |        39 
       101 |         0          5          0          8          5 |        18 
       102 |         0          3          0         10          5 |        18 
       103 |         0          3          0          9          2 |        14 
       104 |         0          3          0          6          6 |        15 
       105 |         0         12          0        125         61 |       198 
       106 |         0          6          0          1          2 |         9 
       107 |         0          3          0          5          2 |        10 
       108 |         0          2          0          3          2 |         7 
       109 |         0          4          0          7          5 |        16 
       110 |         0          4          0          7          3 |        14 
       111 |         0          2          0         10          7 |        19 
       112 |         0          2          0          5          5 |        12 
       113 |         0          4          0          3          2 |         9 
       114 |         0          2          0          5          6 |        13 
       115 |         0          5          0          2          4 |        11 
       116 |         0          3          0          1          3 |         7 
       117 |         0          7          0          6          3 |        16 
       118 |         0          5          0          8          2 |        15 
       119 |         0          2          0          4          5 |        11 
       120 |         0          4          0          4          1 |         9 
       121 |         0          4          0          2          2 |         8 
       122 |         0          2          0          6          4 |        12 
       123 |         0          3          0         10          6 |        19 
       124 |         0          2          0          7          3 |        12 
       125 |         0          3          0          3          2 |         8 
       126 |         0          2          0          4          3 |         9 
       127 |         0          4          0          2          4 |        10 
       128 |         0          1          0          8          3 |        12 
       129 |         0          4          0          6          4 |        14 
       130 |         0          1          0          6          4 |        11 
       131 |         0          3          0          4          1 |         8 
       132 |         0          1          0          3          2 |         6 
       133 |         0          1          0          3          2 |         6 
       134 |         0          1          0          2          2 |         5 
       135 |         0          4          0          7          5 |        16 
       136 |         0          2          0          1          2 |         5 
       137 |         0          0          0          1          0 |         1 
       138 |         0          4          0          4          6 |        14 
       139 |         0          1          0          2          2 |         5 
       140 |         0          3          0          4          3 |        10 
       141 |         0          4          0          6          6 |        16 
       142 |         0          6          0          3          0 |         9 
       143 |         0          2          0          3          3 |         8 
       144 |         0          2          0          3          2 |         7 
       145 |         0          2          0          4          1 |         7 
       146 |         0          3          0          4          0 |         7 
       147 |         0          2          0          6          3 |        11 
       148 |         0          6          0          2          0 |         8 
       149 |         0          0          0          1          0 |         1 
       150 |         0          3          0          3          1 |         7 
       151 |         0          4          0          1          0 |         5 
       152 |         0          2          0          2          4 |         8 
       153 |         0          2          0         10          1 |        13 
       154 |         0          3          0          0          2 |         5 
       155 |         0          2          0          0          0 |         2 
       156 |         0          2          0          1          2 |         5 
       157 |         0          1          0          0          2 |         3 
       158 |         0          1          0          4          1 |         6 
       159 |         0          3          0          5          1 |         9 
       160 |         0          1          0          4          2 |         7 
       161 |         0          3          0          6          0 |         9 
       162 |         0          8          0          5          0 |        13 
       163 |         0          0          0          2          0 |         2 
       164 |         0          0          0          6          1 |         7 
       165 |         0          1          0          4          3 |         8 
       166 |         0          1          0          1          1 |         3 
       167 |         0          1          0          0          1 |         2 
       168 |         0          0          0          1          0 |         1 
       169 |         0          5          0          2          1 |         8 
       170 |         0          0          0          1          0 |         1 
       171 |         0          0          0          4          1 |         5 
       172 |         0          2          0          2          2 |         6 
       173 |         0          2          0          0          1 |         3 
       174 |         0          4          0          2          1 |         7 
       175 |         0          2          0          1          0 |         3 
       176 |         0          1          0          0          1 |         2 
       177 |         0          0          0          2          0 |         2 
       178 |         0          1          0          0          1 |         2 
       179 |         0          2          0          1          3 |         6 
       180 |         0          0          0          1          0 |         1 
       181 |         0          4          0          0          1 |         5 
       182 |         0          0          0          2          2 |         4 
       183 |         0          1          0          3          0 |         4 
       184 |         0          2          0          0          0 |         2 
       185 |         0          1          0          3          1 |         5 
       186 |         0          0          0          1          0 |         1 
       187 |         0          2          0          1          0 |         3 
       188 |         0          1          0          1          3 |         5 
       189 |         0          0          0          2          0 |         2 
       190 |         0          2          0          2          0 |         4 
       191 |         0          1          0          0          1 |         2 
       192 |         0          4          0          0          0 |         4 
       193 |         0          3          0          0          0 |         3 
       194 |         0          0          0          0          2 |         2 
       195 |         0          1          0          0          1 |         2 
       196 |         0          1          0          0          1 |         2 
       197 |         0          1          0          1          1 |         3 
       198 |         0          1          0          1          0 |         2 
       199 |         0          2          0          1          0 |         3 
       201 |         0          0          0          1          0 |         1 
       202 |         0          0          0          2          1 |         3 
       203 |         0          2          0          0          0 |         2 
       204 |         0          1          0          1          2 |         4 
       205 |         0          0          0          3          3 |         6 
       206 |         0          0          0          1          0 |         1 
       207 |         0          3          0          0          2 |         5 
       208 |         0          2          0          0          0 |         2 
       209 |         0          2          0          2          1 |         5 
       210 |         0          1          0          4          1 |         6 
       211 |         0          1          0          0          0 |         1 
       212 |         0          1          0          0          0 |         1 
       213 |         0          1          0          4          1 |         6 
       214 |         0          1          0          0          0 |         1 
       215 |         0          1          0          2          0 |         3 
       216 |         0          0          0          0          2 |         2 
       217 |         0          2          0          1          0 |         3 
       219 |         0          0          0          4          0 |         4 
       220 |         0          0          0          2          0 |         2 
       221 |         0          1          0          2          2 |         5 
       222 |         0          2          0          1          1 |         4 
       223 |         0          1          0          0          0 |         1 
       224 |         0          1          0          0          1 |         2 
       225 |         0          3          0          0          2 |         5 
       226 |         0          1          0          0          0 |         1 
       227 |         0          0          0          0          2 |         2 
       228 |         0          0          0          3          3 |         6 
       231 |         0          0          0          0          5 |         5 
       232 |         0          0          0          1          0 |         1 
       233 |         0          0          0          0          1 |         1 
       234 |         0          0          0          1          0 |         1 
       235 |         0          3          0          1          0 |         4 
       237 |         0          1          0          2          0 |         3 
       238 |         0          0          0          1          0 |         1 
       239 |         0          0          0          1          0 |         1 
       240 |         0          1          0          1          2 |         4 
       241 |         0          1          0          0          2 |         3 
       242 |         0          0          0          1          0 |         1 
       243 |         0          1          0          1          2 |         4 
       244 |         0          1          0          0          3 |         4 
       245 |         0          0          0          4          1 |         5 
       246 |         0          1          0          2          1 |         4 
       247 |         0          0          0          0          2 |         2 
       248 |         0          0          0          2          0 |         2 
       249 |         0          1          0          1          3 |         5 
       250 |         0          1          0          1          0 |         2 
       251 |         0          0          0          3          0 |         3 
       252 |         0          2          0          1          1 |         4 
       253 |         0          0          0          4          0 |         4 
       254 |         0          0          0          0          2 |         2 
       255 |         0          1          0          1          0 |         2 
       256 |         0          1          0          0          2 |         3 
       257 |         0          0          0          1          0 |         1 
       258 |         0          0          0          1          2 |         3 
       260 |         0          0          0          1          3 |         4 
       261 |         0          2          0          1          2 |         5 
       265 |         0          0          0          2          2 |         4 
       266 |         0          0          0          1          0 |         1 
       267 |         0          2          0          3          1 |         6 
       268 |         0          0          0          0          1 |         1 
       269 |         0          0          0          1          0 |         1 
       270 |         0          1          0          0          0 |         1 
       273 |         0          0          0          0          1 |         1 
       276 |         0          0          0          2          0 |         2 
       277 |         0          0          0          2          0 |         2 
       278 |         0          0          0          1          0 |         1 
       279 |         0          1          0          1          3 |         5 
       280 |         0          0          0          2          0 |         2 
       281 |         0          2          0          0          1 |         3 
       282 |         0          0          0          2          1 |         3 
       283 |         0          0          0          1          0 |         1 
       285 |         0          1          0          1          2 |         4 
       286 |         0          0          0          1          0 |         1 
       288 |         0          0          0          0          1 |         1 
       293 |         0          1          0          0          0 |         1 
       302 |         0          1          0          0          0 |         1 
       303 |         0          0          0          2          0 |         2 
       304 |         0          1          0          0          0 |         1 
       306 |         0          0          0          1          0 |         1 
       309 |         0          0          0          0          1 |         1 
       318 |         0          1          0          1          0 |         2 
       320 |         0          0          0          0          1 |         1 
       321 |         0          0          0          0          1 |         1 
       329 |         0          0          0          1          0 |         1 
       332 |         0          0          0          0          1 |         1 
       336 |         0          0          0          1          0 |         1 
       339 |         0          0          0          3          0 |         3 
       352 |         0          1          0          0          0 |         1 
       357 |         0          0          0          1          0 |         1 
       360 |         0          0          0          0          1 |         1 
       364 |         0          0          0          1          0 |         1 
       366 |         0          0          0          1          1 |         2 
       369 |         0          0          0          2          0 |         2 
       373 |         0          0          0          0          1 |         1 
       406 |         0          1          0          0          0 |         1 
       434 |         0          0          0          0          1 |         1 
       485 |         0          0          0          1          0 |         1 
       486 |         0          0          0          0          1 |         1 
       524 |         0          1          0          0          0 |         1 
       532 |         0          1          0          0          0 |         1 
-----------+-------------------------------------------------------+----------
     Total |         5     11,871          2      3,186      3,894 |    18,958 
r; t=0.13 10:43:03

. sum                     spell_d

    Variable |        Obs        Mean    Std. dev.       Min        Max
-------------+---------------------------------------------------------
     spell_d |     18,958    31.77814     41.6663          1        532
r; t=0.00 10:43:03

. 
. *right censored data
. tab                     BIO0600

  Alle Aktivitaeten: dauert noch |
                              an |      Freq.     Percent        Cum.
---------------------------------+-----------------------------------
Frage irrtuemlich nicht gestellt |          5        0.03        0.03
        Trifft nicht zu (Filter) |     11,871       62.62       62.64
                    Keine Angabe |          2        0.01       62.65
                              Ja |      3,186       16.81       79.46
                            Nein |      3,894       20.54      100.00
---------------------------------+-----------------------------------
                           Total |     18,958      100.00
r; t=0.01 10:43:03

. tab                     BIO0600, nol

       Alle |
Aktivitaete |
  n: dauert |
    noch an |      Freq.     Percent        Cum.
------------+-----------------------------------
         -4 |          5        0.03        0.03
         -3 |     11,871       62.62       62.64
         -2 |          2        0.01       62.65
          1 |      3,186       16.81       79.46
          2 |      3,894       20.54      100.00
------------+-----------------------------------
      Total |     18,958      100.00
r; t=0.00 10:43:03

. recode          BIO0600 -4=. -3=.a -2/-1=. 2=0, gen(censored)
(15,772 differences between BIO0600 and censored)
r; t=0.02 10:43:03

. tab                     censored, mis

  RECODE of |
    BIO0600 |
      (Alle |
Aktivitaete |
  n: dauert |
   noch an) |      Freq.     Percent        Cum.
------------+-----------------------------------
          0 |      3,894       20.54       20.54
          1 |      3,186       16.81       37.35
          . |          7        0.04       37.38
         .a |     11,871       62.62      100.00
------------+-----------------------------------
      Total |     18,958      100.00
r; t=0.00 10:43:03

. 
. br                      start bmonat bjahr  stop emonat ejahr spell_d censored zensiert
r; t=0.42 10:43:03

. 
. ***duration of current unemployment (here only if registered)
. tab                     spelltyp

     Alle Aktivitaeten: Aktivitaetstyp, |
                              generiert |      Freq.     Percent        Cum.
----------------------------------------+-----------------------------------
   Arbeitslos gemeldet/Massnahmenteiln. |     18,958      100.00      100.00
----------------------------------------+-----------------------------------
                                  Total |     18,958      100.00
r; t=0.01 10:43:03

. tab                     spelltyp, nol

       Alle |
Aktivitaete |
         n: |
Aktivitaets |
       typ, |
  generiert |      Freq.     Percent        Cum.
------------+-----------------------------------
          2 |     18,958      100.00      100.00
------------+-----------------------------------
      Total |     18,958      100.00
r; t=0.00 10:43:03

. gen                     unemp_cur=spell_d if spelltyp == 2 ///
>                         & ((stop>=pintdat_n & stop!=.) | (stop>=ym(2013, 1) & pintdat_n==. & stop!=.))
(14,350 missing values generated)
r; t=0.00 10:43:03

. label var       unemp_cur "Dauer akt. Arbeitslosigkeit"
r; t=0.01 10:43:03

. 
. tab                     unemp_cur

 Dauer akt. |
Arbeitslosi |
      gkeit |      Freq.     Percent        Cum.
------------+-----------------------------------
          1 |        148        3.21        3.21
          2 |        140        3.04        6.25
          3 |        144        3.12        9.38
          4 |        110        2.39       11.76
          5 |        110        2.39       14.15
          6 |        129        2.80       16.95
          7 |        128        2.78       19.73
          8 |        132        2.86       22.59
          9 |        253        5.49       28.08
         10 |         79        1.71       29.80
         11 |         63        1.37       31.16
         12 |         84        1.82       32.99
         13 |        100        2.17       35.16
         14 |         79        1.71       36.87
         15 |         75        1.63       38.50
         16 |         63        1.37       39.87
         17 |         65        1.41       41.28
         18 |         73        1.58       42.86
         19 |         63        1.37       44.23
         20 |         71        1.54       45.77
         21 |        122        2.65       48.42
         22 |         35        0.76       49.18
         23 |         48        1.04       50.22
         24 |         44        0.95       51.17
         25 |         50        1.09       52.26
         26 |         46        1.00       53.26
         27 |         49        1.06       54.32
         28 |         36        0.78       55.10
         29 |         44        0.95       56.05
         30 |         45        0.98       57.03
         31 |         43        0.93       57.96
         32 |         29        0.63       58.59
         33 |         70        1.52       60.11
         34 |         25        0.54       60.66
         35 |         18        0.39       61.05
         36 |         21        0.46       61.50
         37 |         30        0.65       62.15
         38 |         31        0.67       62.83
         39 |         30        0.65       63.48
         40 |         25        0.54       64.02
         41 |         25        0.54       64.56
         42 |         31        0.67       65.23
         43 |         24        0.52       65.76
         44 |         17        0.37       66.12
         45 |         51        1.11       67.23
         46 |          6        0.13       67.36
         47 |         13        0.28       67.64
         48 |         24        0.52       68.16
         49 |         24        0.52       68.68
         50 |         19        0.41       69.10
         51 |         29        0.63       69.73
         52 |         26        0.56       70.29
         53 |         22        0.48       70.77
         54 |         28        0.61       71.38
         55 |         18        0.39       71.77
         56 |         21        0.46       72.22
         57 |        100        2.17       74.39
         58 |         17        0.37       74.76
         59 |          8        0.17       74.93
         60 |         29        0.63       75.56
         61 |         21        0.46       76.02
         62 |         17        0.37       76.39
         63 |         14        0.30       76.69
         64 |         15        0.33       77.02
         65 |         13        0.28       77.30
         66 |         24        0.52       77.82
         67 |         11        0.24       78.06
         68 |         13        0.28       78.34
         69 |         22        0.48       78.82
         70 |         10        0.22       79.04
         71 |          7        0.15       79.19
         72 |          7        0.15       79.34
         73 |          4        0.09       79.43
         74 |          6        0.13       79.56
         75 |         24        0.52       80.08
         76 |         10        0.22       80.30
         77 |         10        0.22       80.51
         78 |          8        0.17       80.69
         79 |          1        0.02       80.71
         80 |          4        0.09       80.79
         81 |         10        0.22       81.01
         82 |          7        0.15       81.16
         83 |          4        0.09       81.25
         84 |          8        0.17       81.42
         85 |          7        0.15       81.58
         86 |          8        0.17       81.75
         87 |         20        0.43       82.18
         88 |          9        0.20       82.38
         89 |          3        0.07       82.44
         90 |          6        0.13       82.57
         91 |          3        0.07       82.64
         92 |          8        0.17       82.81
         93 |         65        1.41       84.22
         94 |          9        0.20       84.42
         95 |          4        0.09       84.51
         96 |         11        0.24       84.74
         97 |          7        0.15       84.90
         98 |         20        0.43       85.33
         99 |         32        0.69       86.02
        100 |         21        0.46       86.48
        101 |         13        0.28       86.76
        102 |         10        0.22       86.98
        103 |          6        0.13       87.11
        104 |          9        0.20       87.30
        105 |        182        3.95       91.25
        106 |          2        0.04       91.30
        107 |          6        0.13       91.43
        108 |          5        0.11       91.54
        109 |          6        0.13       91.67
        110 |          6        0.13       91.80
        111 |         10        0.22       92.01
        112 |          3        0.07       92.08
        113 |          3        0.07       92.14
        114 |          9        0.20       92.34
        116 |          2        0.04       92.38
        117 |          8        0.17       92.56
        118 |          6        0.13       92.69
        119 |          7        0.15       92.84
        120 |          5        0.11       92.95
        121 |          1        0.02       92.97
        122 |          6        0.13       93.10
        123 |          9        0.20       93.29
        124 |          4        0.09       93.38
        125 |          3        0.07       93.45
        126 |          4        0.09       93.53
        127 |          5        0.11       93.64
        128 |          5        0.11       93.75
        129 |          9        0.20       93.95
        130 |          5        0.11       94.05
        131 |          2        0.04       94.10
        132 |          2        0.04       94.14
        133 |          5        0.11       94.25
        134 |          2        0.04       94.29
        135 |          7        0.15       94.44
        136 |          2        0.04       94.49
        137 |          1        0.02       94.51
        138 |          4        0.09       94.60
        139 |          2        0.04       94.64
        140 |          4        0.09       94.73
        141 |         10        0.22       94.94
        142 |          3        0.07       95.01
        143 |          5        0.11       95.12
        144 |          2        0.04       95.16
        145 |          3        0.07       95.23
        146 |          4        0.09       95.31
        147 |          6        0.13       95.44
        148 |          1        0.02       95.46
        150 |          4        0.09       95.55
        151 |          1        0.02       95.57
        152 |          4        0.09       95.66
        153 |          9        0.20       95.86
        154 |          2        0.04       95.90
        155 |          1        0.02       95.92
        156 |          3        0.07       95.99
        157 |          1        0.02       96.01
        158 |          3        0.07       96.07
        159 |          4        0.09       96.16
        160 |          1        0.02       96.18
        161 |          4        0.09       96.27
        162 |          9        0.20       96.46
        163 |          1        0.02       96.48
        164 |          4        0.09       96.57
        165 |          6        0.13       96.70
        166 |          1        0.02       96.72
        168 |          1        0.02       96.74
        169 |          1        0.02       96.77
        170 |          1        0.02       96.79
        171 |          3        0.07       96.85
        172 |          4        0.09       96.94
        174 |          1        0.02       96.96
        175 |          1        0.02       96.98
        177 |          2        0.04       97.03
        178 |          1        0.02       97.05
        179 |          1        0.02       97.07
        180 |          1        0.02       97.09
        182 |          3        0.07       97.16
        183 |          2        0.04       97.20
        185 |          1        0.02       97.22
        186 |          1        0.02       97.24
        188 |          2        0.04       97.29
        189 |          1        0.02       97.31
        190 |          2        0.04       97.35
        191 |          1        0.02       97.37
        194 |          2        0.04       97.42
        195 |          1        0.02       97.44
        196 |          1        0.02       97.46
        198 |          1        0.02       97.48
        199 |          1        0.02       97.50
        201 |          1        0.02       97.53
        202 |          2        0.04       97.57
        204 |          1        0.02       97.59
        205 |          4        0.09       97.68
        207 |          1        0.02       97.70
        209 |          2        0.04       97.74
        210 |          4        0.09       97.83
        211 |          1        0.02       97.85
        213 |          5        0.11       97.96
        216 |          1        0.02       97.98
        217 |          1        0.02       98.00
        219 |          2        0.04       98.05
        220 |          1        0.02       98.07
        221 |          3        0.07       98.13
        225 |          1        0.02       98.16
        227 |          1        0.02       98.18
        228 |          3        0.07       98.24
        231 |          3        0.07       98.31
        232 |          1        0.02       98.33
        233 |          1        0.02       98.35
        234 |          1        0.02       98.37
        235 |          1        0.02       98.39
        237 |          2        0.04       98.44
        241 |          1        0.02       98.46
        243 |          2        0.04       98.50
        244 |          1        0.02       98.52
        247 |          1        0.02       98.55
        248 |          2        0.04       98.59
        249 |          4        0.09       98.68
        250 |          1        0.02       98.70
        251 |          3        0.07       98.76
        252 |          1        0.02       98.78
        253 |          2        0.04       98.83
        255 |          2        0.04       98.87
        260 |          4        0.09       98.96
        261 |          4        0.09       99.05
        265 |          4        0.09       99.13
        267 |          4        0.09       99.22
        270 |          1        0.02       99.24
        273 |          1        0.02       99.26
        276 |          2        0.04       99.31
        277 |          2        0.04       99.35
        278 |          1        0.02       99.37
        279 |          5        0.11       99.48
        280 |          1        0.02       99.50
        281 |          3        0.07       99.57
        282 |          3        0.07       99.63
        283 |          1        0.02       99.65
        285 |          4        0.09       99.74
        286 |          1        0.02       99.76
        288 |          1        0.02       99.78
        303 |          1        0.02       99.80
        306 |          1        0.02       99.83
        309 |          1        0.02       99.85
        318 |          1        0.02       99.87
        332 |          1        0.02       99.89
        339 |          1        0.02       99.91
        366 |          1        0.02       99.93
        369 |          1        0.02       99.96
        406 |          1        0.02       99.98
        486 |          1        0.02      100.00
------------+-----------------------------------
      Total |      4,608      100.00
r; t=0.05 10:43:03

. sum                     unemp_cur, d

                 Dauer akt. Arbeitslosigkeit
-------------------------------------------------------------
      Percentiles      Smallest
 1%            1              1
 5%            2              1
10%            4              1       Obs               4,608
25%            9              1       Sum of wgt.       4,608

50%           23                      Mean             44.148
                        Largest       Std. dev.      52.33056
75%           60            366
90%          105            369       Variance       2738.487
95%          142            406       Skewness       2.287358
99%          261            486       Kurtosis       10.00646
r; t=0.01 10:43:03

. *hist           unemp_cur, norm
. 
. *sum up overlapping spells of the same type
. bysort pnr:     egen n_pnr=count(pnr)
r; t=0.02 10:43:03

. sum             n_pnr

    Variable |        Obs        Mean    Std. dev.       Min        Max
-------------+---------------------------------------------------------
       n_pnr |     18,958    1.811689    1.249777          1         12
r; t=0.00 10:43:03

. sort            pnr spellnr
r; t=0.01 10:43:03

. 
. gen             unemp_cur_n=unemp_cur
(14,350 missing values generated)
r; t=0.00 10:43:03

. forvalue        x=1(1)12 {
  2.         by pnr: replace unemp_cur_n=unemp_cur_n+spell_d[_n-`x'] if ///
>                         (start <= stop[_n-`x'] & stop[_n-`x']!=.)
  3. }
(91 real changes made)
(3 real changes made)
(0 real changes made)
(0 real changes made)
(0 real changes made)
(0 real changes made)
(0 real changes made)
(0 real changes made)
(0 real changes made)
(0 real changes made)
(0 real changes made)
(0 real changes made)
r; t=0.02 10:43:03

.                         
. label var       unemp_cur_n "Dauer akt. Arbeitslosigkeit"
r; t=0.00 10:43:03

. corr            unemp_cur unemp_cur_n, m
(obs=4,608)

    Variable |         Mean    Std. dev.          Min          Max
-------------+----------------------------------------------------
   unemp_cur |       44.148     52.33056            1          486
 unemp_cur_n |     44.94032     53.81276            1          559


             | unemp_~r unemp_~n
-------------+------------------
   unemp_cur |   1.0000
 unemp_cur_n |   0.9847   1.0000

r; t=0.01 10:43:03

. sum                     unemp_cur_n, d

                 Dauer akt. Arbeitslosigkeit
-------------------------------------------------------------
      Percentiles      Smallest
 1%            1              1
 5%            2              1
10%            4              1       Obs               4,608
25%            9              1       Sum of wgt.       4,608

50%           24                      Mean           44.94032
                        Largest       Std. dev.      53.81276
75%           60            455
90%          105            486       Variance       2895.813
95%          144            547       Skewness       2.522983
99%          262            559       Kurtosis        12.8494
r; t=0.00 10:43:03

. 
. *rescale: months -> years
. replace         unemp_cur=unemp_cur/12
(4,608 real changes made)
r; t=0.00 10:43:03

. replace         unemp_cur_n=unemp_cur_n/12
(4,608 real changes made)
r; t=0.00 10:43:03

. 
. ***Number of unemployment episodes
. gen                     unemp_ep=0
r; t=0.00 10:43:03

. gen                     spell_alo=1 if spelltyp == 2
r; t=0.00 10:43:03

. bysort pnr: replace unemp_ep=sum(spell_alo)
(18958 real changes made)
r; t=0.00 10:43:03

. label var       unemp_ep "Anzahl Arbeitslosigkeitsperioden"
r; t=0.00 10:43:03

. br                      pnr spelltyp spell_alo start stop spell_d unemp_ep
r; t=0.06 10:43:03

. 
. ***Correct number of unemployment episodes if overlaping
. /*
> forvalue        x=1(1)12 {
>         br              pnr spelltyp spell_alo start stop spell_d unemp_ep if ///
>                         start <= stop[_n-`x'] & stop[_n-`x']!=. & pnr==pnr[_n-`x']
>         sleep   1000
> }
> */
. gen             unemp_ep_n=unemp_ep
r; t=0.00 10:43:03

. forvalue        x=1(1)12 {
  2.         by pnr: replace unemp_ep_n=unemp_ep_n-1 if ///
>                         start <= stop[_n-`x'] & stop[_n-`x']!=. & pnr==pnr[_n-`x']
  3. }
(335 real changes made)
(3 real changes made)
(0 real changes made)
(0 real changes made)
(0 real changes made)
(0 real changes made)
(0 real changes made)
(0 real changes made)
(0 real changes made)
(0 real changes made)
(0 real changes made)
(0 real changes made)
r; t=0.02 10:43:03

. corr            unemp_ep unemp_ep_n, m
(obs=18,958)

    Variable |         Mean    Std. dev.          Min          Max
-------------+----------------------------------------------------
    unemp_ep |     1.405844     .8431145            1           12
  unemp_ep_n |     1.388016     .8303901            1           12


             | unemp_ep unem~p_n
-------------+------------------
    unemp_ep |   1.0000
  unemp_ep_n |   0.9874   1.0000

r; t=0.00 10:43:03

. sum                     unemp_ep*, d

              Anzahl Arbeitslosigkeitsperioden
-------------------------------------------------------------
      Percentiles      Smallest
 1%            1              1
 5%            1              1
10%            1              1       Obs              18,958
25%            1              1       Sum of wgt.      18,958

50%            1                      Mean           1.405844
                        Largest       Std. dev.      .8431145
75%            2             10
90%            2             10       Variance        .710842
95%            3             11       Skewness       3.069785
99%            5             12       Kurtosis       16.91615

                         unemp_ep_n
-------------------------------------------------------------
      Percentiles      Smallest
 1%            1              1
 5%            1              1
10%            1              1       Obs              18,958
25%            1              1       Sum of wgt.      18,958

50%            1                      Mean           1.388016
                        Largest       Std. dev.      .8303901
75%            2             10
90%            2             10       Variance       .6895478
95%            3             11       Skewness       3.159314
99%            5             12       Kurtosis       17.69954
r; t=0.02 10:43:03

. tab1            unemp_ep*

-> tabulation of unemp_ep  

     Anzahl |
Arbeitslosi |
gkeitsperio |
        den |      Freq.     Percent        Cum.
------------+-----------------------------------
          1 |     13,961       73.64       73.64
          2 |      3,332       17.58       91.22
          3 |      1,051        5.54       96.76
          4 |        368        1.94       98.70
          5 |        145        0.76       99.47
          6 |         63        0.33       99.80
          7 |         22        0.12       99.92
          8 |          7        0.04       99.95
          9 |          4        0.02       99.97
         10 |          3        0.02       99.99
         11 |          1        0.01       99.99
         12 |          1        0.01      100.00
------------+-----------------------------------
      Total |     18,958      100.00

-> tabulation of unemp_ep_n  

 unemp_ep_n |      Freq.     Percent        Cum.
------------+-----------------------------------
          1 |     14,193       74.87       74.87
          2 |      3,171       16.73       91.59
          3 |        999        5.27       96.86
          4 |        357        1.88       98.74
          5 |        143        0.75       99.50
          6 |         59        0.31       99.81
          7 |         20        0.11       99.92
          8 |          7        0.04       99.95
          9 |          4        0.02       99.97
         10 |          3        0.02       99.99
         11 |          1        0.01       99.99
         12 |          1        0.01      100.00
------------+-----------------------------------
      Total |     18,958      100.00
r; t=0.02 10:43:04

. hist            unemp_ep, norm
(bin=42, start=1, width=.26190476)
r; t=0.62 10:43:04

. 
. ***keep only last row per case and no cases with missing value on current duration
. bysort pnr:     drop if (spellnr < spellnr[_n+1] & spellnr[_n+1] < .) //| unemp_cur_n==.
(4,997 observations deleted)
r; t=0.02 10:43:04

. 
. ***Number of unemployment episodes - categories
. tab1            unemp_ep*

-> tabulation of unemp_ep  

     Anzahl |
Arbeitslosi |
gkeitsperio |
        den |      Freq.     Percent        Cum.
------------+-----------------------------------
          1 |     10,629       76.13       76.13
          2 |      2,281       16.34       92.47
          3 |        683        4.89       97.36
          4 |        223        1.60       98.96
          5 |         82        0.59       99.55
          6 |         41        0.29       99.84
          7 |         15        0.11       99.95
          8 |          3        0.02       99.97
          9 |          1        0.01       99.98
         10 |          2        0.01       99.99
         12 |          1        0.01      100.00
------------+-----------------------------------
      Total |     13,961      100.00

-> tabulation of unemp_ep_n  

 unemp_ep_n |      Freq.     Percent        Cum.
------------+-----------------------------------
          1 |     10,788       77.27       77.27
          2 |      2,172       15.56       92.83
          3 |        643        4.61       97.44
          4 |        219        1.57       99.00
          5 |         79        0.57       99.57
          6 |         40        0.29       99.86
          7 |         13        0.09       99.95
          8 |          3        0.02       99.97
          9 |          1        0.01       99.98
         10 |          2        0.01       99.99
         12 |          1        0.01      100.00
------------+-----------------------------------
      Total |     13,961      100.00
r; t=0.02 10:43:04

. recode          unemp_ep_n 1=0 2=1 3/12=2, gen(unemp_ep_ord)
(13,961 differences between unemp_ep_n and unemp_ep_ord)
r; t=0.01 10:43:04

. la def          aloord 0"1 AL-Episode" 1"2 AL-Episoden" 2"3 oder mehr AL-Episoden"
r; t=0.00 10:43:04

. la val          unemp_ep_ord aloord
r; t=0.00 10:43:04

. la var          unemp_ep_ord "Arbeitslosigkeitsperioden (ord.)"
r; t=0.00 10:43:04

. tab             unemp_ep unemp_ep_ord

    Anzahl |
Arbeitslos |
igkeitsper | Arbeitslosigkeitsperioden (ord.)
     ioden | 1 AL-Epis  2 AL-Epis  3 oder me |     Total
-----------+---------------------------------+----------
         1 |    10,629          0          0 |    10,629 
         2 |       156      2,125          0 |     2,281 
         3 |         3         47        633 |       683 
         4 |         0          0        223 |       223 
         5 |         0          0         82 |        82 
         6 |         0          0         41 |        41 
         7 |         0          0         15 |        15 
         8 |         0          0          3 |         3 
         9 |         0          0          1 |         1 
        10 |         0          0          2 |         2 
        12 |         0          0          1 |         1 
-----------+---------------------------------+----------
     Total |    10,788      2,172      1,001 |    13,961 
r; t=0.00 10:43:04

. 
. ***wave indicator
. gen                     welle=7 if unemp_cur != .
(9,424 missing values generated)
r; t=0.00 10:43:04

. replace         welle=7 if (unemp_ep < . & stop==pintdat_n & stop!=.) 
(0 real changes made)
r; t=0.00 10:43:04

. replace         welle=7 if (unemp_ep<. & (pintdat_n==. | stop==.) & ejahr==2013)
(0 real changes made)
r; t=0.00 10:43:04

. 
. drop            if welle == .
(9,424 observations deleted)
r; t=0.01 10:43:04

. 
. sort            pnr
r; t=0.00 10:43:04

. bysort pnr:     egen n_pnr2=count(pnr)
r; t=0.00 10:43:04

. sum             n_pnr2

    Variable |        Obs        Mean    Std. dev.       Min        Max
-------------+---------------------------------------------------------
      n_pnr2 |      4,537           1           0          1          1
r; t=0.00 10:43:04

. drop            n_pnr2          
r; t=0.00 10:43:04

. 
. ***keep only relevant variables
. keep            pnr welle unemp_cur* unemp_ep* censored
r; t=0.00 10:43:04

. 
. save            "$data\DM_spells.dta", replace
file N:\Ablagen\D01700-Projekte\4534-Stigma_Consciousness\Daten\DM_spells.dta saved
r; t=0.05 10:43:04

. 
. log close       log_spells
      name:  log_spells
       log:  N:\Ablagen\D01700-Projekte\4534-Stigma_Consciousness\log\04_spells.log
  log type:  text
 closed on:  22 Sep 2026, 10:43:04
-------------------------------------------------------------------------------------------------------------------------
