-------------------------------------------------------------------------------------------------------------------------
      name:  log_HH
       log:  N:\Ablagen\D01700-Projekte\4534-Stigma_Consciousness\log\05_HH.log
  log type:  text
 opened on:  22 Sep 2026, 10:45:49
r; t=0.06 10:45:49

. 
. *Datensatz laden
. use "$orig_bef\HHENDDAT.dta", clear
(PASS V1, 2006-2022, 16 Nov 2023, HHENDDAT)
r; t=1.48 10:45:50

. *************
. 
. ***Deprivation***
. *ab HLS0100a bis HLS2600a
. *deprivation index: ungewichtet depindug2 gewichtet depindg2
. tab             depindug2, mis

  Wellen 1 bis 12: Deprivationsindex, |
          ungewichtet (Itemsumme: 23) |      Freq.     Percent        Cum.
--------------------------------------+-----------------------------------
          Item in Welle nicht erhoben |     32,530       22.41       22.41
Gener. n. mgl. (WN/KA b. ALLEN Items) |          6        0.00       22.41
                                    0 |     35,752       24.63       47.04
                                    1 |     11,663        8.03       55.07
                                    2 |      8,601        5.92       60.99
                                    3 |      7,716        5.31       66.31
                                    4 |      7,192        4.95       71.26
                                    5 |      7,000        4.82       76.08
                                    6 |      6,672        4.60       80.68
                                    7 |      6,246        4.30       84.98
                                    8 |      5,867        4.04       89.02
                                    9 |      5,070        3.49       92.51
                                   10 |      4,044        2.79       95.30
                                   11 |      2,921        2.01       97.31
                                   12 |      1,792        1.23       98.54
                                   13 |      1,086        0.75       99.29
                                   14 |        524        0.36       99.65
                                   15 |        269        0.19       99.84
                                   16 |        140        0.10       99.94
                                   17 |         55        0.04       99.97
                                   18 |         24        0.02       99.99
                                   19 |         11        0.01      100.00
                                   20 |          3        0.00      100.00
                                   21 |          1        0.00      100.00
--------------------------------------+-----------------------------------
                                Total |    145,185      100.00
r; t=0.03 10:45:50

. tab                     depindug2, mis nol

   Wellen 1 |
    bis 12: |
Deprivation |
    sindex, |
ungewichtet |
(Itemsumme: |
        23) |      Freq.     Percent        Cum.
------------+-----------------------------------
         -9 |     32,530       22.41       22.41
         -5 |          6        0.00       22.41
          0 |     35,752       24.63       47.04
          1 |     11,663        8.03       55.07
          2 |      8,601        5.92       60.99
          3 |      7,716        5.31       66.31
          4 |      7,192        4.95       71.26
          5 |      7,000        4.82       76.08
          6 |      6,672        4.60       80.68
          7 |      6,246        4.30       84.98
          8 |      5,867        4.04       89.02
          9 |      5,070        3.49       92.51
         10 |      4,044        2.79       95.30
         11 |      2,921        2.01       97.31
         12 |      1,792        1.23       98.54
         13 |      1,086        0.75       99.29
         14 |        524        0.36       99.65
         15 |        269        0.19       99.84
         16 |        140        0.10       99.94
         17 |         55        0.04       99.97
         18 |         24        0.02       99.99
         19 |         11        0.01      100.00
         20 |          3        0.00      100.00
         21 |          1        0.00      100.00
------------+-----------------------------------
      Total |    145,185      100.00
r; t=0.02 10:45:50

. recode          depindug2 -5=.
(6 changes made to depindug2)
r; t=0.08 10:45:50

.                         
. ***HH income***
. *open answer: HEK0600
. *categorized ab: HEK0800
. *generated: hhinckat oder hhincome
. tab                     hhincome if hhincome < 1

 Haushaltseinkommen pro Monat (in Euro) |
         inkl. kategorisierter Angaben, |
                              generiert |      Freq.     Percent        Cum.
----------------------------------------+-----------------------------------
                      Unplausibler Wert |          6        0.27        0.27
Gen. n. moegl., da Nachfr. irrt. n. ges |        104        4.71        4.98
                           Keine Angabe |      1,134       51.31       56.29
                            Weiss nicht |        442       20.00       76.29
                                      0 |        524       23.71      100.00
----------------------------------------+-----------------------------------
                                  Total |      2,210      100.00
r; t=0.01 10:45:50

. tab                     hhincome if hhincome < 1, nol

Haushaltsei |
nkommen pro |
  Monat (in |
Euro) inkl. |
kategorisie |
       rter |
   Angaben, |
  generiert |      Freq.     Percent        Cum.
------------+-----------------------------------
         -8 |          6        0.27        0.27
         -5 |        104        4.71        4.98
         -2 |      1,134       51.31       56.29
         -1 |        442       20.00       76.29
          0 |        524       23.71      100.00
------------+-----------------------------------
      Total |      2,210      100.00
r; t=0.01 10:45:50

. recode          hhincome -8/-1=. 
(1,686 changes made to hhincome)
r; t=0.05 10:45:50

. sum                     hhincome, d

        Haushaltseinkommen pro Monat (in Euro) inkl.
             kategorisierter Angaben, generiert
-------------------------------------------------------------
      Percentiles      Smallest
 1%          250              0
 5%          500              0
10%          663              0       Obs             143,499
25%          967              0       Sum of wgt.     143,499

50%         1560                      Mean            1982.67
                        Largest       Std. dev.      2034.775
75%         2500         100000
90%         3800         100000       Variance        4140309
95%         4700         100000       Skewness       21.12865
99%         7000         100000       Kurtosis       895.5604
r; t=0.06 10:45:50

. hist            hhincome, norm
(bin=51, start=0, width=1960.7843)
r; t=0.61 10:45:51

. *Atention: zeros -> all values +1, then ln
. gen                     ln_hhinc=ln(hhincome+1)
(1,686 missing values generated)
r; t=0.00 10:45:51

. hist            ln_hhinc, norm
(bin=51, start=0, width=.22574384)
r; t=0.56 10:45:52

. sum                     ln_hhinc, d

                          ln_hhinc
-------------------------------------------------------------
      Percentiles      Smallest
 1%     5.525453              0
 5%     6.216606              0
10%     6.498282              0       Obs             143,499
25%     6.875232              0       Sum of wgt.     143,499

50%     7.353082                      Mean           7.327437
                        Largest       Std. dev.      .8227395
75%     7.824446       11.51294
90%     8.243019       11.51294       Variance       .6769003
95%      8.45553       11.51294       Skewness      -2.597031
99%     8.853808       11.51294       Kurtosis       24.98274
r; t=0.05 10:45:52

. 
. *categorization
. tab             hhinckat, mis

 Kategorisiertes Haushaltseinkommen pro |
             Monat (in Euro), generiert |      Freq.     Percent        Cum.
----------------------------------------+-----------------------------------
       Frage irrtuemlich nicht gestellt |        104        0.07        0.07
               Trifft nicht zu (Filter) |    137,692       94.84       94.91
                           Keine Angabe |      1,134        0.78       95.69
                            Weiss nicht |        442        0.30       96.00
                              Unter 500 |        182        0.13       96.12
                                500-749 |        345        0.24       96.36
                                750-999 |        379        0.26       96.62
                              1000-1499 |        642        0.44       97.06
                              1500-1999 |        754        0.52       97.58
                              2000-2999 |        719        0.50       98.08
                              3000-3999 |        485        0.33       98.41
                              4000-4999 |        294        0.20       98.61
                          5000 und mehr |        215        0.15       98.76
               weniger als 1000, o.n.A. |        184        0.13       98.89
                  1000 und mehr, o.n.A. |        682        0.47       99.36
1000 und mehr, weniger als 3000, o.n.A. |        628        0.43       99.79
                  3000 und mehr, o.n.A. |        304        0.21      100.00
----------------------------------------+-----------------------------------
                                  Total |    145,185      100.00
r; t=0.01 10:45:52

. tab                     hhinckat, mis nol

Kategorisie |
       rtes |
Haushaltsei |
nkommen pro |
  Monat (in |
     Euro), |
  generiert |      Freq.     Percent        Cum.
------------+-----------------------------------
         -4 |        104        0.07        0.07
         -3 |    137,692       94.84       94.91
         -2 |      1,134        0.78       95.69
         -1 |        442        0.30       96.00
          1 |        182        0.13       96.12
          2 |        345        0.24       96.36
          3 |        379        0.26       96.62
          4 |        642        0.44       97.06
          5 |        754        0.52       97.58
          6 |        719        0.50       98.08
          7 |        485        0.33       98.41
          8 |        294        0.20       98.61
          9 |        215        0.15       98.76
         10 |        184        0.13       98.89
         11 |        682        0.47       99.36
         12 |        628        0.43       99.79
         13 |        304        0.21      100.00
------------+-----------------------------------
      Total |    145,185      100.00
r; t=0.01 10:45:52

. recode          hhinckat -4/-1=. 2 3=2 4 5=3 6=4 7 8 9 13=5 10/12=., gen(hhinckat_1)
(144,658 differences between hhinckat and hhinckat_1)
r; t=0.24 10:45:52

. la def          kat_1 1"less than 500" 2"500-999" 3"1000-1999" 4"2000-2999" 5"3000 and more"
r; t=0.00 10:45:52

. replace         hhinckat_1=1 if hhincome<500
(6,852 real changes made)
r; t=0.01 10:45:52

. replace         hhinckat_1=2 if hhincome>=500 & hhincome<=999
(29,214 real changes made)
r; t=0.01 10:45:52

. replace         hhinckat_1=3 if hhincome>=1000 & hhincome<=1999
(49,971 real changes made)
r; t=0.01 10:45:52

. replace         hhinckat_1=4 if hhincome>=2000 & hhincome<=2999
(26,554 real changes made)
r; t=0.01 10:45:52

. replace         hhinckat_1=5 if hhincome>=3000
(28,275 real changes made)
r; t=0.01 10:45:52

. tab             hhinckat_1

  RECODE of |
   hhinckat |
(Kategorisi |
      ertes |
Haushaltsei |
nkommen pro |
  Monat (in |
Euro), gene |      Freq.     Percent        Cum.
------------+-----------------------------------
          1 |      7,034        4.84        4.84
          2 |     29,938       20.62       25.47
          3 |     51,367       35.38       60.85
          4 |     27,273       18.78       79.63
          5 |     29,573       20.37      100.00
------------+-----------------------------------
      Total |    145,185      100.00
r; t=0.01 10:45:52

. 
. ***household equivalent income (new OECD standard)
. tab             oecdincn if oecdincn<1

 Bedarfsgewichtetes Haushaltseinkommen, |
        neue OECD-Gewichtung (gerundet) |      Freq.     Percent        Cum.
----------------------------------------+-----------------------------------
Generierung nicht mgl. (fehlende Werte) |        184        8.07        8.07
               Keine Angabe (Einkommen) |      1,131       49.63       57.70
                Weiss nicht (Einkommen) |        439       19.26       76.96
                                      0 |        525       23.04      100.00
----------------------------------------+-----------------------------------
                                  Total |      2,279      100.00
r; t=0.01 10:45:52

. tab             oecdincn if oecdincn<1, nol

Bedarfsgewi |
    chtetes |
Haushaltsei |
   nkommen, |
       neue |
OECD-Gewich |
       tung |
 (gerundet) |      Freq.     Percent        Cum.
------------+-----------------------------------
         -5 |        184        8.07        8.07
         -2 |      1,131       49.63       57.70
         -1 |        439       19.26       76.96
          0 |        525       23.04      100.00
------------+-----------------------------------
      Total |      2,279      100.00
r; t=0.01 10:45:52

. tab             oecdincn hhincome if oecdincn<1 | hhincome<1, mis

   Bedarfsgewichtetes |
  Haushaltseinkommen, |    Haushaltseinkommen pro Monat (in Euro) inkl. kategorisierter Angaben,
 neue OECD-Gewichtung |                                  generiert
           (gerundet) |         0          1        535        625        666        700        800 |     Total
----------------------+-----------------------------------------------------------------------------+----------
Generierung nicht mgl |         0          0          1          1          1          1          1 |       184 
Keine Angabe (Einkomm |         0          0          0          0          0          0          0 |     1,131 
Weiss nicht (Einkomme |         0          0          0          0          0          0          0 |       439 
                    0 |       524          1          0          0          0          0          0 |       525 
----------------------+-----------------------------------------------------------------------------+----------
                Total |       524          1          1          1          1          1          1 |     2,279 


   Bedarfsgewichtetes |
  Haushaltseinkommen, |    Haushaltseinkommen pro Monat (in Euro) inkl. kategorisierter Angaben,
 neue OECD-Gewichtung |                                  generiert
           (gerundet) |       850        875        900        950       1064       1100       1130 |     Total
----------------------+-----------------------------------------------------------------------------+----------
Generierung nicht mgl |         1          3          1          1          1          1          1 |       184 
Keine Angabe (Einkomm |         0          0          0          0          0          0          0 |     1,131 
Weiss nicht (Einkomme |         0          0          0          0          0          0          0 |       439 
                    0 |         0          0          0          0          0          0          0 |       525 
----------------------+-----------------------------------------------------------------------------+----------
                Total |         1          3          1          1          1          1          1 |     2,279 


   Bedarfsgewichtetes |
  Haushaltseinkommen, |    Haushaltseinkommen pro Monat (in Euro) inkl. kategorisierter Angaben,
 neue OECD-Gewichtung |                                  generiert
           (gerundet) |      1200       1300       1400       1500       1531       1600       1604 |     Total
----------------------+-----------------------------------------------------------------------------+----------
Generierung nicht mgl |         2          4          1          2          2          2          1 |       184 
Keine Angabe (Einkomm |         0          0          0          0          0          0          0 |     1,131 
Weiss nicht (Einkomme |         0          0          0          0          0          0          0 |       439 
                    0 |         0          0          0          0          0          0          0 |       525 
----------------------+-----------------------------------------------------------------------------+----------
                Total |         2          4          1          2          2          2          1 |     2,279 


   Bedarfsgewichtetes |
  Haushaltseinkommen, |    Haushaltseinkommen pro Monat (in Euro) inkl. kategorisierter Angaben,
 neue OECD-Gewichtung |                                  generiert
           (gerundet) |      1700       1750       1850       1900       2000       2100       2130 |     Total
----------------------+-----------------------------------------------------------------------------+----------
Generierung nicht mgl |         2          2          1          1         10          1          1 |       184 
Keine Angabe (Einkomm |         0          0          0          0          0          0          0 |     1,131 
Weiss nicht (Einkomme |         0          0          0          0          0          0          0 |       439 
                    0 |         0          0          0          0          0          0          0 |       525 
----------------------+-----------------------------------------------------------------------------+----------
                Total |         2          2          1          1         10          1          1 |     2,279 


   Bedarfsgewichtetes |
  Haushaltseinkommen, |    Haushaltseinkommen pro Monat (in Euro) inkl. kategorisierter Angaben,
 neue OECD-Gewichtung |                                  generiert
           (gerundet) |      2200       2400       2450       2500       2600       2700       3000 |     Total
----------------------+-----------------------------------------------------------------------------+----------
Generierung nicht mgl |         2          1          1          3          1          1          2 |       184 
Keine Angabe (Einkomm |         0          0          0          0          0          0          0 |     1,131 
Weiss nicht (Einkomme |         0          0          0          0          0          0          0 |       439 
                    0 |         0          0          0          0          0          0          0 |       525 
----------------------+-----------------------------------------------------------------------------+----------
                Total |         2          1          1          3          1          1          2 |     2,279 


   Bedarfsgewichtetes |
  Haushaltseinkommen, |    Haushaltseinkommen pro Monat (in Euro) inkl. kategorisierter Angaben,
 neue OECD-Gewichtung |                                  generiert
           (gerundet) |      3500       4000       4100       4500       5500     100000          . |     Total
----------------------+-----------------------------------------------------------------------------+----------
Generierung nicht mgl |         5          1          1          2          1          1        116 |       184 
Keine Angabe (Einkomm |         0          0          0          0          0          0      1,131 |     1,131 
Weiss nicht (Einkomme |         0          0          0          0          0          0        439 |       439 
                    0 |         0          0          0          0          0          0          0 |       525 
----------------------+-----------------------------------------------------------------------------+----------
                Total |         5          1          1          2          1          1      1,686 |     2,279 
r; t=0.04 10:45:52

. 
. *drop cases with hhincome==0 | oecdincn==0
. drop            if hhincome==0 | oecdincn==0
(525 observations deleted)
r; t=0.03 10:45:52

. 
. sum             oecdincn, d

         Bedarfsgewichtetes Haushaltseinkommen, neue
                 OECD-Gewichtung (gerundet)
-------------------------------------------------------------
      Percentiles      Smallest
 1%           -1             -5
 5%          400             -5
10%          536             -5       Obs             144,660
25%          749             -5       Sum of wgt.     144,660

50%         1040                      Mean           1287.579
                        Largest       Std. dev.      1278.024
75%         1600         100000
90%         2300         100000       Variance        1633346
95%         2800         100000       Skewness       29.13325
99%         4200         100000       Kurtosis       1668.468
r; t=0.07 10:45:52

. hist            oecdincn, norm
(bin=51, start=-5, width=1960.8824)
r; t=0.56 10:45:53

. gen             ln_oecdincn=ln(oecdincn)
(1,754 missing values generated)
r; t=0.01 10:45:53

. hist            ln_oecdincn, norm
(bin=51, start=0, width=.22574363)
r; t=0.57 10:45:53

. 
. ***size of household
. tab             HA0100, mis

                       Haushaltsgroesse |      Freq.     Percent        Cum.
----------------------------------------+-----------------------------------
                                      1 |     53,161       36.75       36.75
                                      2 |     45,332       31.34       68.09
                                      3 |     22,246       15.38       83.46
                                      4 |     15,118       10.45       93.91
                                      5 |      5,810        4.02       97.93
                                      6 |      1,926        1.33       99.26
                                      7 |        678        0.47       99.73
                                      8 |        261        0.18       99.91
                                      9 |         84        0.06       99.97
                                     10 |         28        0.02       99.99
                                     11 |         15        0.01      100.00
                                     13 |          1        0.00      100.00
----------------------------------------+-----------------------------------
                                  Total |    144,660      100.00
r; t=0.01 10:45:53

. gen             hhgr=HA0100
r; t=0.00 10:45:53

. 
. ***ALGII***
. tab             alg2abez

 Aktueller ALG2-Bezug des HH, generiert |      Freq.     Percent        Cum.
----------------------------------------+-----------------------------------
Generierung nicht mgl. (fehlende Werte) |        630        0.44        0.44
                HH bezieht aktuell ALG2 |     46,590       32.21       32.64
           HH bezieht aktuell kein ALG2 |     97,440       67.36      100.00
----------------------------------------+-----------------------------------
                                  Total |    144,660      100.00
r; t=0.01 10:45:53

. tab             alg2abez, nol

  Aktueller |
 ALG2-Bezug |
    des HH, |
  generiert |      Freq.     Percent        Cum.
------------+-----------------------------------
         -5 |        630        0.44        0.44
          1 |     46,590       32.21       32.64
          2 |     97,440       67.36      100.00
------------+-----------------------------------
      Total |    144,660      100.00
r; t=0.01 10:45:53

. recode          alg2abez -5=. 2=0, gen(alg2_cur)
(98,070 differences between alg2abez and alg2_cur)
r; t=0.05 10:45:53

. label var       alg2_cur "ALGII cur."
r; t=0.00 10:45:53

. 
. ***children in HH
. tab             kindu25, mis

    Steuervariable: Kind unter 18 Jahre |
     bzw. Schueler unter 25 Jahre im HH |      Freq.     Percent        Cum.
----------------------------------------+-----------------------------------
            Item in Welle nicht erhoben |     48,684       33.65       33.65
Kein Kind unter 18 Jahre bzw. Schueler  |     67,764       46.84       80.50
Kind unter 18 Jahre bzw. Schueler unter |     28,212       19.50      100.00
----------------------------------------+-----------------------------------
                                  Total |    144,660      100.00
r; t=0.01 10:45:53

. tab             kindu25, mis nol

Steuervaria |
  ble: Kind |
   unter 18 |
 Jahre bzw. |
   Schueler |
   unter 25 |
Jahre im HH |      Freq.     Percent        Cum.
------------+-----------------------------------
         -9 |     48,684       33.65       33.65
          0 |     67,764       46.84       80.50
          1 |     28,212       19.50      100.00
------------+-----------------------------------
      Total |    144,660      100.00
r; t=0.01 10:45:53

. recode          kindu25 -9=.
(48,684 changes made to kindu25)
r; t=0.04 10:45:53

. 
. ***size of town measure
. tab             bik, mis

  BIK-Regionsgroessenklassen (GKBIK10), |
                              generiert |      Freq.     Percent        Cum.
----------------------------------------+-----------------------------------
                           Keine Angabe |          2        0.00        0.00
   unter 2000, Alle Typen/k. BIK-Region |      1,672        1.16        1.16
  2.000-4.999, Alle Typen/k. BIK-Region |      3,890        2.69        3.85
 5.000-19.999, Alle Typen/k. BIK-Region |     13,181        9.11       12.96
       20.000-49.999, Strk.typ. 1,2,3,4 |     14,159        9.79       22.75
  50.000-99.999, Strk.typ. 2,3,4 (Rand) |     10,873        7.52       30.26
      50.000-99.999, Strk.typ. 1 (Kern) |      4,537        3.14       33.40
 100.000-499.999, Strk.typ 2,3,4 (Rand) |     19,366       13.39       46.79
     100.000-499.999, Strk.typ 1 (Kern) |     25,100       17.35       64.14
       500.000+, Strk.typ. 2,3,4 (Rand) |     11,957        8.27       72.40
           500.000+, Strk.typ. 1 (Kern) |     39,923       27.60      100.00
----------------------------------------+-----------------------------------
                                  Total |    144,660      100.00
r; t=0.01 10:45:53

. tab             bik, nol mis

BIK-Regions |
groessenkla |
       ssen |
 (GKBIK10), |
  generiert |      Freq.     Percent        Cum.
------------+-----------------------------------
         -2 |          2        0.00        0.00
          1 |      1,672        1.16        1.16
          2 |      3,890        2.69        3.85
          3 |     13,181        9.11       12.96
          4 |     14,159        9.79       22.75
          5 |     10,873        7.52       30.26
          6 |      4,537        3.14       33.40
          7 |     19,366       13.39       46.79
          8 |     25,100       17.35       64.14
          9 |     11,957        8.27       72.40
         10 |     39,923       27.60      100.00
------------+-----------------------------------
      Total |    144,660      100.00
r; t=0.01 10:45:53

. recode          bik -9/-2=. 1/2=1 3=2 4/6=3 7/10=4, gen(bikkat)
(142,988 differences between bik and bikkat)
r; t=0.10 10:45:53

. la var          bikkat "Size of town"
r; t=0.00 10:45:53

. la def          bikkat 1 "rural community" 2 "small town" 3 "medium-sized town" 4 "large city"
r; t=0.00 10:45:53

. la val          bikkat bikkat
r; t=0.00 10:45:53

. 
. *save current status
. save            "$data\DM_HH.dta", replace
file N:\Ablagen\D01700-Projekte\4534-Stigma_Consciousness\Daten\DM_HH.dta saved
r; t=2.19 10:45:56

. 
. 
. log close       log_HH
      name:  log_HH
       log:  N:\Ablagen\D01700-Projekte\4534-Stigma_Consciousness\log\05_HH.log
  log type:  text
 closed on:  22 Sep 2026, 10:45:56
-------------------------------------------------------------------------------------------------------------------------
